at.austrosoft.t4me.MB_BerlinTZBEU
at.oebb.ts
ch.sbb.mobile.android.b2c
ch.switzerland.graffinn.deepl_machinetranslation
com.adleritech.app.liftago.passenger
com.airbnb.android
com.andropenoffice
com.andropenoffice.extensions.lang.de
com.apkpure.aegon
com.app.tgtg
com.arnaud.metronome
com.bambu
com.bluejeansnet.Base
com.box.android
com.concur.breeze
com.cubic.cumo.android.rmv
com.dev47apps.droidcam
com.dropbox.android
com.egencia.app
com.estrongs.android.pop
com.everbridge.mobile.iv.recipient
com.germanwings.android
com.glympse.android.glympseexpress
com.google.android.apps.adm
com.google.android.apps.docs
com.google.android.apps.docs.editors.docs
com.google.android.apps.docs.editors.sheets
com.google.android.apps.docs.editors.slides
com.google.android.apps.enterprise.dmagent
com.google.android.apps.fireball
com.google.android.apps.handwriting.ime
com.google.android.apps.inbox
com.google.android.apps.m4b
com.google.android.apps.meetings
com.google.android.apps.pdfviewer
com.google.android.apps.photos
com.google.android.apps.translate
com.google.android.apps.walletnfcrel
com.google.android.keep
com.google.android.projection.gearhead
com.google.android.street
com.ibm.de.ish.app.dkv.prod
com.ifttt.ifttt
com.kayak.android
com.linkedin.android
com.lucidchart.android.chart
com.lufthansa.android.lufthansa
com.lunchit.android
com.mdv.companion
com.mdv.VRRCompanion
com.meetup
com.morganstanley.stockplanconnect
com.oraclecorp.internal.ent2.cloud.management
com.overlook.android.fing
com.platypus.SAnd
com.redhat.findmyfedora
com.salesforce.chatter
com.smartsheet.android
com.spotme.reraa17
com.ted.android
com.tripadvisor.tripadvisor
com.trivago
com.twitter.android
com.whatsapp
com.workday.workdroidapp
com.x8bit.bitwarden
com.xing.android
cx.hell.android.pdfview
de.blinkt.openvpn
de.blitzer
de.danoeh.antennapod
de.eos.uptrade.android.fahrinfo.berlin
de.fun2code.android.lite.webdrive
de.hafas.android.db
de.hafas.android.nrw
de.hafas.android.sbm
de.hafas.android.zvv
de.rki.coronawarnapp
de.telekom.android.customercenter
org.blokada.alarm
org.buffer.android
org.fdroid.fdroid
org.fedorahosted.freeotp
org.jitsi.meet
org.ligi.passandroid
org.linphone
org.mozilla.firefox
org.opencv.engine
org.pocketworkstation.pckeyboard
org.tasks
org.telegram.messenger
org.thoughtcrime.securesms
org.torproject.android
org.videolan.vlc
taxi.android.client
tv.twitch.android.app
us.zoom.videomeetings
vc.qc.banner
