agency.rain.android.alexa
air.com.myheritage.mobile
ai.susi
at.austrosoft.t4me.MB_BerlinTZBEU
at.geizhals.pv
brunnlechner.gps.zeiterfassungpro
canvasm.myo2
ch.bitspin.timely
ch.ethz.im.codecheck
cn.danatech.xingseus
com.abb.inetradio
com.airbnb.android
com.amazon.appmanager
com.amazon.avod.thirdpartyclient
com.amazon.dee.app
com.amazon.kindle
com.amazon.mp3
com.amazon.mShop.android.shopping
com.andropenoffice
com.andropenoffice.extensions.lang.de
com.app.tgtg
com.autoscout24
com.bergfex.mobile.android
com.bergfex.tour
com.bitfinex.mobileapp
com.box.android
com.bragi.thedash.app
com.bubblesoft.android.bubbleupnp
com.bubblesoft.android.bubbleupnp.unlocker
com.car2go
com.coolkit
com.daimler.moovel.android
com.dawnwin.saina
com.devhd.feedly
com.doodle.android
com.dropbox.android
com.duckduckgo.mobile.android
com.ebay.kleinanzeigen
com.ebay.mobile
com.eclipsim.gpsstatus2
com.eddy.app
com.facebook.katana
com.facebook.orca
com.farproc.wifi.analyzer
com.farproc.wifi.connecter
com.fitifyapps.resistance
com.fsck.k9
com.germanwings.android
com.github.axet.audiorecorder
com.glority.picturebird
com.glympse.android.glympseexpress
com.google.android.apps.adm
com.google.android.apps.chromecast.app
com.google.android.apps.cultural
com.google.android.apps.docs.editors.docs
com.google.android.apps.docs.editors.sheets
com.google.android.apps.docs.editors.slides
com.google.android.apps.handwriting.ime
com.google.android.apps.m4b
com.google.android.apps.magazines
com.google.android.apps.meetings
com.google.android.apps.pdfviewer
com.google.android.apps.podcasts
com.google.android.apps.subscriptions.red
com.google.android.apps.translate
com.google.android.calculator
com.google.android.keep
com.google.android.music
com.google.android.street
com.google.ar.core
com.google.ar.lens
com.google.earth
com.google.tango.measure
com.gopro.smarty
com.gpsies.android
com.grupet.web.app
com.hiuni
com.huawei.mw
com.huaweioverseas.smarthome
com.husqvarna.automowerconnect
com.iiordanov.freeaRDP
com.iiordanov.freeaSPICE
com.iiordanov.freebVNC
com.infosoft.docutain
com.instagram.android
com.inventec.iMobile2
com.iota.trinity
com.irobot.home
com.kodakalaris.kodakmomentsapp
com.koushikdutta.backup
com.lastirue.TaxiNorman
com.lecture.notes
com.lge.app1
com.lgi.kundencenter.de
com.lifx.lifx
com.lightning.walletapp
com.limebike
com.llamalab.automate
com.loafwallet
com.mdv.RheinbahnCompanion
com.mdv.VRRCompanion
com.melodis.midomiMusicIdentifier.freemium
com.Moasure.Moasure
com.mojang.minecraftpe
com.moodle.moodlemobile
com.moovel.rheinbahn
com.myibidder.aclient1
com.navfree.android.OSM.ALL
com.neurio.neuriohome
com.nextcloud.client
com.oneplus.backuprestore
com.oneplus.card
com.oneplus.iconpack.oneplush2
com.oneplus.iconpack.onepluso2
com.oneplus.note
com.oneplus.soundrecorder
com.openxchange.oxcoi
com.oraclecorp.internal.ent2.cloud.management
com.ovelin.guitartuna
com.overlook.android.fing
com.panasonic.musiccontrol
com.parknow.app
com.paypal.android.p2pmobile
com.picnic.android
com.plannet.milesandmoreapp
com.portable.lanmic
com.prezi.android
com.provinzial.meineprovinzial
com.ptvag.android.adacmapformembers
com.rcreations.ipcamviewer
com.rentalcars.handset
com.revolut.revolut
com.rewedigital.shop
com.salfeld.cb3
com.snapchat.android
com.solaredge.homeowner
com.s_payment.mobiles_bezahlen
com.spotify.music
com.standardnotes
com.starfinanz.mobile.android.dkbpushtan
com.starfinanz.mobile.android.pushtan
com.starfinanz.smob.android.sfinanzstatus
com.stupeflix.replay
com.sunhill_technologies.travipay
com.tabtrader.android
com.tailortoys.app.PowerUp
com.ted.android
com.termux
com.tier.app
com.tinusapps.gpsspeedo
com.todobom.opennotescanner
com.trello
com.tripadvisor.tripadvisor
com.trivago
com.twitter.android
com.ubercab
com.ubnt.easyunifi
com.unitedinternet.portal.android.onlinestorage.gmx
com.vacationrentals.homeaway
com.wakdev.wdnfc
com.whatsapp
com.wikihow.wikihowapp
com.x8bit.bitwarden
com.ycc365plus.aws
com.zattoo.player
de.adac.mobile.pannenhilfe
de.adac.tourset
de.appsoluts.f95
de.avm.android.myfritz2
de.bahn.callabike
de.barmergek.serviceapp
de.barmer.live.bonus
de.bisonapp
de.blinkt.openvpn
de.blitzer
de.boersego.gmt.android
de.boxine.tonieapp
de.danoeh.antennapod
de.deltacity.android.blutspende
de.dieterthiess.sayit
de.discoplus.servicewelt
de.dkb.portalapp
de.dmhub.audionow
de.dwd.warnapp
de.ergo.app
de.foodora.android
de.gmx.mobile.android.mail
de.hafas.android.db
de.hafas.android.nrw
de.handyvertrag.servicewelt
de.ka.kamedi.heat_it
de.kicktipp.mbookmark
de.komoot.android
de.lakdev.mathewiki
de.lateinon.lateinon
de.lieferheld.android
de.lineas.lit.ntv.android
de.maengelmelder.app
de.markusfisch.android.binaryeye
de.materna.bbk.mobile.app
de.mdiener.rain.usa
de.msg
de.myhammer.myhammercustomer
de.number26.android
de.okk.mam
de.phase6.freeversion.beta
de.pilzsuchmaschine.ultra
de.rki.coronawarnapp
de.rwth_aachen.phyphox
de.schildbach.oeffi
de.sipgate.app.satellite
de.sonnen.portal
de.weishaupt.wemapp
de.wetteronline.wetterapp
de.xcom.flatexde
de.xcom.flatex.ptan
dk.tacit.android.foldersync.lite
exa.lnx.a
fitness.workouts.home.workoutspro
fr.free.nrw.commons
info.cointracking.cointracking
io.bluewallet.bluewallet
it.airgap.wallet
jackpal.androidterm
keepass2android.keepass2android
li.klass.fhem
mn.tck.semitone
net.androgames.level
net.biyee.onvifer
net.khertan.forrunners
net.oneplus.forums
net.oneplus.weather
net.oneplus.widget
net.routix.mqttdash
net.xelnaga.exchanger
no.nordicsemi.android.mcp
org.connectbot
org.fedorahosted.freeotp
org.jitsi.meet
org.leetzone.android.yatsewidgetfree
org.leetzone.android.yatsewidgetunlocker
org.leo.android.dict
org.ligi.passandroid
org.linphone
org.mozilla.firefox
org.openhab.habdroid
org.ovirt.mobile.movirt
org.plantnet
org.pocketworkstation.pckeyboard
org.prowl.liveview.plugins.sandbox
org.prowl.torque
org.subsurfacedivelog.mobile
org.tasks
org.telegram.messenger
org.thoughtcrime.securesms
org.torproject.android
org.videolan.vlc
org.wegeheld
org.wikipedia
org.withouthat.acalendarplus
proofit.klack.phone
protect.videoeditor
resistanceband.workout.plan
snr.lab.iotmqttpanel.prod
taxi.android.client
tunein.player
vc.qc.banner
vivino.web.app
